=== Facebook Post Creator ===
  Property:  skyhouse
  Category:  SkyHouse
  Photos:    4
  Caption:   Upcoming availability at SkyHouse Sayulita — May 11 to 18.

A rare mid-May windo...

  ⚠ Could not get page token — using stored token as-is
--- Scanning Bunny CDN (skyhousesayulita/) ---
  Found 32 images in Bunny CDN

--- Selecting 4 photos (priority: pool/ocean/exterior first) ---

--- Uploading to Facebook (page: 1004908006045909) ---
  → DSC05988.JPG
  ✓ ID: 122109540609019508
  → DSC05922.JPG
  ✓ ID: 122109540657019508
  → DSC05964.JPG
  ✓ ID: 122109540705019508
  → DSC05937.JPG
  ✓ ID: 122109540753019508

--- Publishing post ---

✓ Published! Post ID: 1004908006045909_122109540789019508
=== DONE ===
