=== Reel Generator ===
  Property: skyhouse
  Photos:   6 × 5s = 30s raw

--- Getting page token ---
  ⚠ Could not get page token — using stored token

--- Scanning Bunny CDN (skyhousesayulita/) ---
  Found 32 photos — selecting 6

--- Downloading photos ---
  ✓ DSC05940.JPG (1379KB)
  ✓ DSC05913.JPG (1857KB)
  ✓ DSC05931.JPG (1307KB)
  ✓ DSC05964.JPG (1327KB)
  ✓ DSC05973.JPG (1687KB)
  ✓ DSC05925.JPG (1185KB)
  → 6 photos ready

--- Getting background music ---
  ✓ Using cached music from Bunny CDN

--- Generating Ken Burns video segments ---
generate-reel.sh: line 234: ffmpeg: command not found
  ✓ Segment 1/6
generate-reel.sh: line 234: ffmpeg: command not found
  ✓ Segment 2/6
generate-reel.sh: line 234: ffmpeg: command not found
  ✓ Segment 3/6
generate-reel.sh: line 234: ffmpeg: command not found
  ✓ Segment 4/6
generate-reel.sh: line 234: ffmpeg: command not found
  ✓ Segment 5/6
generate-reel.sh: line 234: ffmpeg: command not found
  ✓ Segment 6/6

--- Concatenating 6 segments with 0.5s crossfades ---
generate-reel.sh: line 276: ffmpeg: command not found
